/gpfs/accounts/cse585f25_class_root/cse585f25_class/nyap/env/lib/python3.12/site-packages/pydantic/_internal/_generate_schema.py:2249: UnsupportedFieldAttributeWarning: The 'repr' attribute with value False was provided to the `Field()` function, which has no effect in the context it was used. 'repr' is field-specific metadata, and can only be attached to a model field using `Annotated` metadata or by assignment. This may have happened because an `Annotated` type alias using the `type` statement was used, or if the `Field()` function was attached to a single member of a union type.
  warnings.warn(
/gpfs/accounts/cse585f25_class_root/cse585f25_class/nyap/env/lib/python3.12/site-packages/pydantic/_internal/_generate_schema.py:2249: UnsupportedFieldAttributeWarning: The 'frozen' attribute with value True was provided to the `Field()` function, which has no effect in the context it was used. 'frozen' is field-specific metadata, and can only be attached to a model field using `Annotated` metadata or by assignment. This may have happened because an `Annotated` type alias using the `type` statement was used, or if the `Field()` function was attached to a single member of a union type.
  warnings.warn(
/gpfs/accounts/cse585f25_class_root/cse585f25_class/nyap/env/lib/python3.12/site-packages/sae_lens/saes/sae.py:249: UserWarning: 
This SAE has non-empty model_from_pretrained_kwargs. 
For optimal performance, load the model like so:
model = HookedSAETransformer.from_pretrained_no_processing(..., **cfg.model_from_pretrained_kwargs)
  warnings.warn(
/home/nyap/SAE_testing/bspmm_kernel/triton_kernel_encoder_decoder_search_params.py:77: UserWarning: There is a performance drop because we have not yet implemented the batching rule for aten::_sparse_mm. Please file us an issue on GitHub so that we can prioritize its implementation. (Triggered internally at /pytorch/aten/src/ATen/functorch/BatchedFallback.cpp:81.)
  return torch.vmap(lambda x: torch.sparse.mm(x, W_dec))(sparse_tensor)
/home/nyap/SAE_testing/bspmm_kernel/triton_kernel_encoder_decoder_search_params.py:77: UserWarning: There is a performance drop because we have not yet implemented the batching rule for aten::_sparse_mm. Please file us an issue on GitHub so that we can prioritize its implementation. (Triggered internally at /pytorch/aten/src/ATen/functorch/BatchedFallback.cpp:81.)
  return torch.vmap(lambda x: torch.sparse.mm(x, W_dec))(sparse_tensor)
/home/nyap/SAE_testing/bspmm_kernel/triton_kernel_encoder_decoder_search_params.py:77: UserWarning: There is a performance drop because we have not yet implemented the batching rule for aten::_sparse_mm. Please file us an issue on GitHub so that we can prioritize its implementation. (Triggered internally at /pytorch/aten/src/ATen/functorch/BatchedFallback.cpp:81.)
  return torch.vmap(lambda x: torch.sparse.mm(x, W_dec))(sparse_tensor)
/home/nyap/SAE_testing/bspmm_kernel/triton_kernel_encoder_decoder_search_params.py:77: UserWarning: There is a performance drop because we have not yet implemented the batching rule for aten::_sparse_mm. Please file us an issue on GitHub so that we can prioritize its implementation. (Triggered internally at /pytorch/aten/src/ATen/functorch/BatchedFallback.cpp:81.)
  return torch.vmap(lambda x: torch.sparse.mm(x, W_dec))(sparse_tensor)
Traceback (most recent call last):
  File "/home/nyap/SAE_testing/bspmm_kernel/triton_kernel_encoder_decoder_search_params.py", line 50, in <module>
    features, enc_time = measure(sae.encode, residual_stream)
                         ^^^^^^^^^^^^^^^^^^^^^^^^^^^^^^^^^^^^
  File "/home/nyap/SAE_testing/bspmm_kernel/utils.py", line 76, in measure
    out = fn(*args)
          ^^^^^^^^^
  File "/gpfs/accounts/cse585f25_class_root/cse585f25_class/nyap/env/lib/python3.12/site-packages/sae_lens/saes/standard_sae.py", line 66, in encode
    hidden_pre = self.hook_sae_acts_pre(sae_in @ self.W_enc + self.b_enc)
                                        ~~~~~~~~~~~~~~~~~~~~^~~~~~~~~~~~
torch.OutOfMemoryError: CUDA out of memory. Tried to allocate 6.00 GiB. GPU 0 has a total capacity of 15.77 GiB of which 5.12 GiB is free. Including non-PyTorch memory, this process has 10.64 GiB memory in use. Of the allocated memory 10.00 GiB is allocated by PyTorch, and 284.00 MiB is reserved by PyTorch but unallocated. If reserved but unallocated memory is large try setting PYTORCH_CUDA_ALLOC_CONF=expandable_segments:True to avoid fragmentation.  See documentation for Memory Management  (https://pytorch.org/docs/stable/notes/cuda.html#environment-variables)
/gpfs/accounts/cse585f25_class_root/cse585f25_class/nyap/env/lib/python3.12/site-packages/pydantic/_internal/_generate_schema.py:2249: UnsupportedFieldAttributeWarning: The 'repr' attribute with value False was provided to the `Field()` function, which has no effect in the context it was used. 'repr' is field-specific metadata, and can only be attached to a model field using `Annotated` metadata or by assignment. This may have happened because an `Annotated` type alias using the `type` statement was used, or if the `Field()` function was attached to a single member of a union type.
  warnings.warn(
/gpfs/accounts/cse585f25_class_root/cse585f25_class/nyap/env/lib/python3.12/site-packages/pydantic/_internal/_generate_schema.py:2249: UnsupportedFieldAttributeWarning: The 'frozen' attribute with value True was provided to the `Field()` function, which has no effect in the context it was used. 'frozen' is field-specific metadata, and can only be attached to a model field using `Annotated` metadata or by assignment. This may have happened because an `Annotated` type alias using the `type` statement was used, or if the `Field()` function was attached to a single member of a union type.
  warnings.warn(
/gpfs/accounts/cse585f25_class_root/cse585f25_class/nyap/env/lib/python3.12/site-packages/sae_lens/saes/sae.py:249: UserWarning: 
This SAE has non-empty model_from_pretrained_kwargs. 
For optimal performance, load the model like so:
model = HookedSAETransformer.from_pretrained_no_processing(..., **cfg.model_from_pretrained_kwargs)
  warnings.warn(
/home/nyap/SAE_testing/bspmm_kernel/triton_kernel_encoder_decoder_search_params.py:77: UserWarning: There is a performance drop because we have not yet implemented the batching rule for aten::_sparse_mm. Please file us an issue on GitHub so that we can prioritize its implementation. (Triggered internally at /pytorch/aten/src/ATen/functorch/BatchedFallback.cpp:81.)
  return torch.vmap(lambda x: torch.sparse.mm(x, W_dec))(sparse_tensor)
/home/nyap/SAE_testing/bspmm_kernel/triton_kernel_encoder_decoder_search_params.py:77: UserWarning: There is a performance drop because we have not yet implemented the batching rule for aten::_sparse_mm. Please file us an issue on GitHub so that we can prioritize its implementation. (Triggered internally at /pytorch/aten/src/ATen/functorch/BatchedFallback.cpp:81.)
  return torch.vmap(lambda x: torch.sparse.mm(x, W_dec))(sparse_tensor)
/home/nyap/SAE_testing/bspmm_kernel/triton_kernel_encoder_decoder_search_params.py:77: UserWarning: There is a performance drop because we have not yet implemented the batching rule for aten::_sparse_mm. Please file us an issue on GitHub so that we can prioritize its implementation. (Triggered internally at /pytorch/aten/src/ATen/functorch/BatchedFallback.cpp:81.)
  return torch.vmap(lambda x: torch.sparse.mm(x, W_dec))(sparse_tensor)
/home/nyap/SAE_testing/bspmm_kernel/triton_kernel_encoder_decoder_search_params.py:77: UserWarning: There is a performance drop because we have not yet implemented the batching rule for aten::_sparse_mm. Please file us an issue on GitHub so that we can prioritize its implementation. (Triggered internally at /pytorch/aten/src/ATen/functorch/BatchedFallback.cpp:81.)
  return torch.vmap(lambda x: torch.sparse.mm(x, W_dec))(sparse_tensor)
Traceback (most recent call last):
  File "/home/nyap/SAE_testing/bspmm_kernel/triton_kernel_encoder_decoder_search_params.py", line 50, in <module>
    features, enc_time = measure(sae.encode, residual_stream)
                         ^^^^^^^^^^^^^^^^^^^^^^^^^^^^^^^^^^^^
  File "/home/nyap/SAE_testing/bspmm_kernel/utils.py", line 76, in measure
    out = fn(*args)
          ^^^^^^^^^
  File "/gpfs/accounts/cse585f25_class_root/cse585f25_class/nyap/env/lib/python3.12/site-packages/sae_lens/saes/standard_sae.py", line 66, in encode
    hidden_pre = self.hook_sae_acts_pre(sae_in @ self.W_enc + self.b_enc)
                                        ~~~~~~~~~~~~~~~~~~~~^~~~~~~~~~~~
torch.OutOfMemoryError: CUDA out of memory. Tried to allocate 6.00 GiB. GPU 0 has a total capacity of 15.77 GiB of which 5.12 GiB is free. Including non-PyTorch memory, this process has 10.64 GiB memory in use. Of the allocated memory 10.00 GiB is allocated by PyTorch, and 284.00 MiB is reserved by PyTorch but unallocated. If reserved but unallocated memory is large try setting PYTORCH_CUDA_ALLOC_CONF=expandable_segments:True to avoid fragmentation.  See documentation for Memory Management  (https://pytorch.org/docs/stable/notes/cuda.html#environment-variables)
/gpfs/accounts/cse585f25_class_root/cse585f25_class/nyap/env/lib/python3.12/site-packages/pydantic/_internal/_generate_schema.py:2249: UnsupportedFieldAttributeWarning: The 'repr' attribute with value False was provided to the `Field()` function, which has no effect in the context it was used. 'repr' is field-specific metadata, and can only be attached to a model field using `Annotated` metadata or by assignment. This may have happened because an `Annotated` type alias using the `type` statement was used, or if the `Field()` function was attached to a single member of a union type.
  warnings.warn(
/gpfs/accounts/cse585f25_class_root/cse585f25_class/nyap/env/lib/python3.12/site-packages/pydantic/_internal/_generate_schema.py:2249: UnsupportedFieldAttributeWarning: The 'frozen' attribute with value True was provided to the `Field()` function, which has no effect in the context it was used. 'frozen' is field-specific metadata, and can only be attached to a model field using `Annotated` metadata or by assignment. This may have happened because an `Annotated` type alias using the `type` statement was used, or if the `Field()` function was attached to a single member of a union type.
  warnings.warn(
/gpfs/accounts/cse585f25_class_root/cse585f25_class/nyap/env/lib/python3.12/site-packages/sae_lens/saes/sae.py:249: UserWarning: 
This SAE has non-empty model_from_pretrained_kwargs. 
For optimal performance, load the model like so:
model = HookedSAETransformer.from_pretrained_no_processing(..., **cfg.model_from_pretrained_kwargs)
  warnings.warn(
/home/nyap/SAE_testing/bspmm_kernel/triton_kernel_encoder_decoder_search_params.py:77: UserWarning: There is a performance drop because we have not yet implemented the batching rule for aten::_sparse_mm. Please file us an issue on GitHub so that we can prioritize its implementation. (Triggered internally at /pytorch/aten/src/ATen/functorch/BatchedFallback.cpp:81.)
  return torch.vmap(lambda x: torch.sparse.mm(x, W_dec))(sparse_tensor)
/home/nyap/SAE_testing/bspmm_kernel/triton_kernel_encoder_decoder_search_params.py:77: UserWarning: There is a performance drop because we have not yet implemented the batching rule for aten::_sparse_mm. Please file us an issue on GitHub so that we can prioritize its implementation. (Triggered internally at /pytorch/aten/src/ATen/functorch/BatchedFallback.cpp:81.)
  return torch.vmap(lambda x: torch.sparse.mm(x, W_dec))(sparse_tensor)
/home/nyap/SAE_testing/bspmm_kernel/triton_kernel_encoder_decoder_search_params.py:77: UserWarning: There is a performance drop because we have not yet implemented the batching rule for aten::_sparse_mm. Please file us an issue on GitHub so that we can prioritize its implementation. (Triggered internally at /pytorch/aten/src/ATen/functorch/BatchedFallback.cpp:81.)
  return torch.vmap(lambda x: torch.sparse.mm(x, W_dec))(sparse_tensor)
/home/nyap/SAE_testing/bspmm_kernel/triton_kernel_encoder_decoder_search_params.py:77: UserWarning: There is a performance drop because we have not yet implemented the batching rule for aten::_sparse_mm. Please file us an issue on GitHub so that we can prioritize its implementation. (Triggered internally at /pytorch/aten/src/ATen/functorch/BatchedFallback.cpp:81.)
  return torch.vmap(lambda x: torch.sparse.mm(x, W_dec))(sparse_tensor)
Traceback (most recent call last):
  File "/home/nyap/SAE_testing/bspmm_kernel/triton_kernel_encoder_decoder_search_params.py", line 50, in <module>
    features, enc_time = measure(sae.encode, residual_stream)
                         ^^^^^^^^^^^^^^^^^^^^^^^^^^^^^^^^^^^^
  File "/home/nyap/SAE_testing/bspmm_kernel/utils.py", line 76, in measure
    out = fn(*args)
          ^^^^^^^^^
  File "/gpfs/accounts/cse585f25_class_root/cse585f25_class/nyap/env/lib/python3.12/site-packages/sae_lens/saes/standard_sae.py", line 66, in encode
    hidden_pre = self.hook_sae_acts_pre(sae_in @ self.W_enc + self.b_enc)
                                        ~~~~~~~~~~~~~~~~~~~~^~~~~~~~~~~~
torch.OutOfMemoryError: CUDA out of memory. Tried to allocate 6.00 GiB. GPU 0 has a total capacity of 15.77 GiB of which 5.12 GiB is free. Including non-PyTorch memory, this process has 10.64 GiB memory in use. Of the allocated memory 10.00 GiB is allocated by PyTorch, and 284.00 MiB is reserved by PyTorch but unallocated. If reserved but unallocated memory is large try setting PYTORCH_CUDA_ALLOC_CONF=expandable_segments:True to avoid fragmentation.  See documentation for Memory Management  (https://pytorch.org/docs/stable/notes/cuda.html#environment-variables)
/gpfs/accounts/cse585f25_class_root/cse585f25_class/nyap/env/lib/python3.12/site-packages/pydantic/_internal/_generate_schema.py:2249: UnsupportedFieldAttributeWarning: The 'repr' attribute with value False was provided to the `Field()` function, which has no effect in the context it was used. 'repr' is field-specific metadata, and can only be attached to a model field using `Annotated` metadata or by assignment. This may have happened because an `Annotated` type alias using the `type` statement was used, or if the `Field()` function was attached to a single member of a union type.
  warnings.warn(
/gpfs/accounts/cse585f25_class_root/cse585f25_class/nyap/env/lib/python3.12/site-packages/pydantic/_internal/_generate_schema.py:2249: UnsupportedFieldAttributeWarning: The 'frozen' attribute with value True was provided to the `Field()` function, which has no effect in the context it was used. 'frozen' is field-specific metadata, and can only be attached to a model field using `Annotated` metadata or by assignment. This may have happened because an `Annotated` type alias using the `type` statement was used, or if the `Field()` function was attached to a single member of a union type.
  warnings.warn(
/gpfs/accounts/cse585f25_class_root/cse585f25_class/nyap/env/lib/python3.12/site-packages/sae_lens/saes/sae.py:249: UserWarning: 
This SAE has non-empty model_from_pretrained_kwargs. 
For optimal performance, load the model like so:
model = HookedSAETransformer.from_pretrained_no_processing(..., **cfg.model_from_pretrained_kwargs)
  warnings.warn(
/home/nyap/SAE_testing/bspmm_kernel/triton_kernel_encoder_decoder_search_params.py:77: UserWarning: There is a performance drop because we have not yet implemented the batching rule for aten::_sparse_mm. Please file us an issue on GitHub so that we can prioritize its implementation. (Triggered internally at /pytorch/aten/src/ATen/functorch/BatchedFallback.cpp:81.)
  return torch.vmap(lambda x: torch.sparse.mm(x, W_dec))(sparse_tensor)
/home/nyap/SAE_testing/bspmm_kernel/triton_kernel_encoder_decoder_search_params.py:77: UserWarning: There is a performance drop because we have not yet implemented the batching rule for aten::_sparse_mm. Please file us an issue on GitHub so that we can prioritize its implementation. (Triggered internally at /pytorch/aten/src/ATen/functorch/BatchedFallback.cpp:81.)
  return torch.vmap(lambda x: torch.sparse.mm(x, W_dec))(sparse_tensor)
/home/nyap/SAE_testing/bspmm_kernel/triton_kernel_encoder_decoder_search_params.py:77: UserWarning: There is a performance drop because we have not yet implemented the batching rule for aten::_sparse_mm. Please file us an issue on GitHub so that we can prioritize its implementation. (Triggered internally at /pytorch/aten/src/ATen/functorch/BatchedFallback.cpp:81.)
  return torch.vmap(lambda x: torch.sparse.mm(x, W_dec))(sparse_tensor)
/home/nyap/SAE_testing/bspmm_kernel/triton_kernel_encoder_decoder_search_params.py:77: UserWarning: There is a performance drop because we have not yet implemented the batching rule for aten::_sparse_mm. Please file us an issue on GitHub so that we can prioritize its implementation. (Triggered internally at /pytorch/aten/src/ATen/functorch/BatchedFallback.cpp:81.)
  return torch.vmap(lambda x: torch.sparse.mm(x, W_dec))(sparse_tensor)
Traceback (most recent call last):
  File "/home/nyap/SAE_testing/bspmm_kernel/triton_kernel_encoder_decoder_search_params.py", line 50, in <module>
    features, enc_time = measure(sae.encode, residual_stream)
                         ^^^^^^^^^^^^^^^^^^^^^^^^^^^^^^^^^^^^
  File "/home/nyap/SAE_testing/bspmm_kernel/utils.py", line 76, in measure
    out = fn(*args)
          ^^^^^^^^^
  File "/gpfs/accounts/cse585f25_class_root/cse585f25_class/nyap/env/lib/python3.12/site-packages/sae_lens/saes/standard_sae.py", line 66, in encode
    hidden_pre = self.hook_sae_acts_pre(sae_in @ self.W_enc + self.b_enc)
                                        ~~~~~~~~~~~~~~~~~~~~^~~~~~~~~~~~
torch.OutOfMemoryError: CUDA out of memory. Tried to allocate 6.00 GiB. GPU 0 has a total capacity of 15.77 GiB of which 5.12 GiB is free. Including non-PyTorch memory, this process has 10.64 GiB memory in use. Of the allocated memory 10.00 GiB is allocated by PyTorch, and 284.00 MiB is reserved by PyTorch but unallocated. If reserved but unallocated memory is large try setting PYTORCH_CUDA_ALLOC_CONF=expandable_segments:True to avoid fragmentation.  See documentation for Memory Management  (https://pytorch.org/docs/stable/notes/cuda.html#environment-variables)
/gpfs/accounts/cse585f25_class_root/cse585f25_class/nyap/env/lib/python3.12/site-packages/pydantic/_internal/_generate_schema.py:2249: UnsupportedFieldAttributeWarning: The 'repr' attribute with value False was provided to the `Field()` function, which has no effect in the context it was used. 'repr' is field-specific metadata, and can only be attached to a model field using `Annotated` metadata or by assignment. This may have happened because an `Annotated` type alias using the `type` statement was used, or if the `Field()` function was attached to a single member of a union type.
  warnings.warn(
/gpfs/accounts/cse585f25_class_root/cse585f25_class/nyap/env/lib/python3.12/site-packages/pydantic/_internal/_generate_schema.py:2249: UnsupportedFieldAttributeWarning: The 'frozen' attribute with value True was provided to the `Field()` function, which has no effect in the context it was used. 'frozen' is field-specific metadata, and can only be attached to a model field using `Annotated` metadata or by assignment. This may have happened because an `Annotated` type alias using the `type` statement was used, or if the `Field()` function was attached to a single member of a union type.
  warnings.warn(
/gpfs/accounts/cse585f25_class_root/cse585f25_class/nyap/env/lib/python3.12/site-packages/sae_lens/saes/sae.py:249: UserWarning: 
This SAE has non-empty model_from_pretrained_kwargs. 
For optimal performance, load the model like so:
model = HookedSAETransformer.from_pretrained_no_processing(..., **cfg.model_from_pretrained_kwargs)
  warnings.warn(
/home/nyap/SAE_testing/bspmm_kernel/triton_kernel_encoder_decoder_search_params.py:77: UserWarning: There is a performance drop because we have not yet implemented the batching rule for aten::_sparse_mm. Please file us an issue on GitHub so that we can prioritize its implementation. (Triggered internally at /pytorch/aten/src/ATen/functorch/BatchedFallback.cpp:81.)
  return torch.vmap(lambda x: torch.sparse.mm(x, W_dec))(sparse_tensor)
/home/nyap/SAE_testing/bspmm_kernel/triton_kernel_encoder_decoder_search_params.py:77: UserWarning: There is a performance drop because we have not yet implemented the batching rule for aten::_sparse_mm. Please file us an issue on GitHub so that we can prioritize its implementation. (Triggered internally at /pytorch/aten/src/ATen/functorch/BatchedFallback.cpp:81.)
  return torch.vmap(lambda x: torch.sparse.mm(x, W_dec))(sparse_tensor)
/home/nyap/SAE_testing/bspmm_kernel/triton_kernel_encoder_decoder_search_params.py:77: UserWarning: There is a performance drop because we have not yet implemented the batching rule for aten::_sparse_mm. Please file us an issue on GitHub so that we can prioritize its implementation. (Triggered internally at /pytorch/aten/src/ATen/functorch/BatchedFallback.cpp:81.)
  return torch.vmap(lambda x: torch.sparse.mm(x, W_dec))(sparse_tensor)
/home/nyap/SAE_testing/bspmm_kernel/triton_kernel_encoder_decoder_search_params.py:77: UserWarning: There is a performance drop because we have not yet implemented the batching rule for aten::_sparse_mm. Please file us an issue on GitHub so that we can prioritize its implementation. (Triggered internally at /pytorch/aten/src/ATen/functorch/BatchedFallback.cpp:81.)
  return torch.vmap(lambda x: torch.sparse.mm(x, W_dec))(sparse_tensor)
Traceback (most recent call last):
  File "/home/nyap/SAE_testing/bspmm_kernel/triton_kernel_encoder_decoder_search_params.py", line 50, in <module>
    features, enc_time = measure(sae.encode, residual_stream)
                         ^^^^^^^^^^^^^^^^^^^^^^^^^^^^^^^^^^^^
  File "/home/nyap/SAE_testing/bspmm_kernel/utils.py", line 76, in measure
    out = fn(*args)
          ^^^^^^^^^
  File "/gpfs/accounts/cse585f25_class_root/cse585f25_class/nyap/env/lib/python3.12/site-packages/sae_lens/saes/standard_sae.py", line 66, in encode
    hidden_pre = self.hook_sae_acts_pre(sae_in @ self.W_enc + self.b_enc)
                                        ~~~~~~~~~~~~~~~~~~~~^~~~~~~~~~~~
torch.OutOfMemoryError: CUDA out of memory. Tried to allocate 6.00 GiB. GPU 0 has a total capacity of 15.77 GiB of which 5.12 GiB is free. Including non-PyTorch memory, this process has 10.64 GiB memory in use. Of the allocated memory 10.00 GiB is allocated by PyTorch, and 284.00 MiB is reserved by PyTorch but unallocated. If reserved but unallocated memory is large try setting PYTORCH_CUDA_ALLOC_CONF=expandable_segments:True to avoid fragmentation.  See documentation for Memory Management  (https://pytorch.org/docs/stable/notes/cuda.html#environment-variables)
/gpfs/accounts/cse585f25_class_root/cse585f25_class/nyap/env/lib/python3.12/site-packages/pydantic/_internal/_generate_schema.py:2249: UnsupportedFieldAttributeWarning: The 'repr' attribute with value False was provided to the `Field()` function, which has no effect in the context it was used. 'repr' is field-specific metadata, and can only be attached to a model field using `Annotated` metadata or by assignment. This may have happened because an `Annotated` type alias using the `type` statement was used, or if the `Field()` function was attached to a single member of a union type.
  warnings.warn(
/gpfs/accounts/cse585f25_class_root/cse585f25_class/nyap/env/lib/python3.12/site-packages/pydantic/_internal/_generate_schema.py:2249: UnsupportedFieldAttributeWarning: The 'frozen' attribute with value True was provided to the `Field()` function, which has no effect in the context it was used. 'frozen' is field-specific metadata, and can only be attached to a model field using `Annotated` metadata or by assignment. This may have happened because an `Annotated` type alias using the `type` statement was used, or if the `Field()` function was attached to a single member of a union type.
  warnings.warn(
/gpfs/accounts/cse585f25_class_root/cse585f25_class/nyap/env/lib/python3.12/site-packages/sae_lens/saes/sae.py:249: UserWarning: 
This SAE has non-empty model_from_pretrained_kwargs. 
For optimal performance, load the model like so:
model = HookedSAETransformer.from_pretrained_no_processing(..., **cfg.model_from_pretrained_kwargs)
  warnings.warn(
/home/nyap/SAE_testing/bspmm_kernel/triton_kernel_encoder_decoder_search_params.py:77: UserWarning: There is a performance drop because we have not yet implemented the batching rule for aten::_sparse_mm. Please file us an issue on GitHub so that we can prioritize its implementation. (Triggered internally at /pytorch/aten/src/ATen/functorch/BatchedFallback.cpp:81.)
  return torch.vmap(lambda x: torch.sparse.mm(x, W_dec))(sparse_tensor)
/home/nyap/SAE_testing/bspmm_kernel/triton_kernel_encoder_decoder_search_params.py:77: UserWarning: There is a performance drop because we have not yet implemented the batching rule for aten::_sparse_mm. Please file us an issue on GitHub so that we can prioritize its implementation. (Triggered internally at /pytorch/aten/src/ATen/functorch/BatchedFallback.cpp:81.)
  return torch.vmap(lambda x: torch.sparse.mm(x, W_dec))(sparse_tensor)
/home/nyap/SAE_testing/bspmm_kernel/triton_kernel_encoder_decoder_search_params.py:77: UserWarning: There is a performance drop because we have not yet implemented the batching rule for aten::_sparse_mm. Please file us an issue on GitHub so that we can prioritize its implementation. (Triggered internally at /pytorch/aten/src/ATen/functorch/BatchedFallback.cpp:81.)
  return torch.vmap(lambda x: torch.sparse.mm(x, W_dec))(sparse_tensor)
/home/nyap/SAE_testing/bspmm_kernel/triton_kernel_encoder_decoder_search_params.py:77: UserWarning: There is a performance drop because we have not yet implemented the batching rule for aten::_sparse_mm. Please file us an issue on GitHub so that we can prioritize its implementation. (Triggered internally at /pytorch/aten/src/ATen/functorch/BatchedFallback.cpp:81.)
  return torch.vmap(lambda x: torch.sparse.mm(x, W_dec))(sparse_tensor)
Traceback (most recent call last):
  File "/home/nyap/SAE_testing/bspmm_kernel/triton_kernel_encoder_decoder_search_params.py", line 50, in <module>
    features, enc_time = measure(sae.encode, residual_stream)
                         ^^^^^^^^^^^^^^^^^^^^^^^^^^^^^^^^^^^^
  File "/home/nyap/SAE_testing/bspmm_kernel/utils.py", line 76, in measure
    out = fn(*args)
          ^^^^^^^^^
  File "/gpfs/accounts/cse585f25_class_root/cse585f25_class/nyap/env/lib/python3.12/site-packages/sae_lens/saes/standard_sae.py", line 66, in encode
    hidden_pre = self.hook_sae_acts_pre(sae_in @ self.W_enc + self.b_enc)
                                        ~~~~~~~~~~~~~~~~~~~~^~~~~~~~~~~~
torch.OutOfMemoryError: CUDA out of memory. Tried to allocate 6.00 GiB. GPU 0 has a total capacity of 15.77 GiB of which 5.12 GiB is free. Including non-PyTorch memory, this process has 10.64 GiB memory in use. Of the allocated memory 10.00 GiB is allocated by PyTorch, and 284.00 MiB is reserved by PyTorch but unallocated. If reserved but unallocated memory is large try setting PYTORCH_CUDA_ALLOC_CONF=expandable_segments:True to avoid fragmentation.  See documentation for Memory Management  (https://pytorch.org/docs/stable/notes/cuda.html#environment-variables)
/gpfs/accounts/cse585f25_class_root/cse585f25_class/nyap/env/lib/python3.12/site-packages/pydantic/_internal/_generate_schema.py:2249: UnsupportedFieldAttributeWarning: The 'repr' attribute with value False was provided to the `Field()` function, which has no effect in the context it was used. 'repr' is field-specific metadata, and can only be attached to a model field using `Annotated` metadata or by assignment. This may have happened because an `Annotated` type alias using the `type` statement was used, or if the `Field()` function was attached to a single member of a union type.
  warnings.warn(
/gpfs/accounts/cse585f25_class_root/cse585f25_class/nyap/env/lib/python3.12/site-packages/pydantic/_internal/_generate_schema.py:2249: UnsupportedFieldAttributeWarning: The 'frozen' attribute with value True was provided to the `Field()` function, which has no effect in the context it was used. 'frozen' is field-specific metadata, and can only be attached to a model field using `Annotated` metadata or by assignment. This may have happened because an `Annotated` type alias using the `type` statement was used, or if the `Field()` function was attached to a single member of a union type.
  warnings.warn(
/gpfs/accounts/cse585f25_class_root/cse585f25_class/nyap/env/lib/python3.12/site-packages/sae_lens/saes/sae.py:249: UserWarning: 
This SAE has non-empty model_from_pretrained_kwargs. 
For optimal performance, load the model like so:
model = HookedSAETransformer.from_pretrained_no_processing(..., **cfg.model_from_pretrained_kwargs)
  warnings.warn(
/home/nyap/SAE_testing/bspmm_kernel/triton_kernel_encoder_decoder_search_params.py:77: UserWarning: There is a performance drop because we have not yet implemented the batching rule for aten::_sparse_mm. Please file us an issue on GitHub so that we can prioritize its implementation. (Triggered internally at /pytorch/aten/src/ATen/functorch/BatchedFallback.cpp:81.)
  return torch.vmap(lambda x: torch.sparse.mm(x, W_dec))(sparse_tensor)
/home/nyap/SAE_testing/bspmm_kernel/triton_kernel_encoder_decoder_search_params.py:77: UserWarning: There is a performance drop because we have not yet implemented the batching rule for aten::_sparse_mm. Please file us an issue on GitHub so that we can prioritize its implementation. (Triggered internally at /pytorch/aten/src/ATen/functorch/BatchedFallback.cpp:81.)
  return torch.vmap(lambda x: torch.sparse.mm(x, W_dec))(sparse_tensor)
/home/nyap/SAE_testing/bspmm_kernel/triton_kernel_encoder_decoder_search_params.py:77: UserWarning: There is a performance drop because we have not yet implemented the batching rule for aten::_sparse_mm. Please file us an issue on GitHub so that we can prioritize its implementation. (Triggered internally at /pytorch/aten/src/ATen/functorch/BatchedFallback.cpp:81.)
  return torch.vmap(lambda x: torch.sparse.mm(x, W_dec))(sparse_tensor)
/home/nyap/SAE_testing/bspmm_kernel/triton_kernel_encoder_decoder_search_params.py:77: UserWarning: There is a performance drop because we have not yet implemented the batching rule for aten::_sparse_mm. Please file us an issue on GitHub so that we can prioritize its implementation. (Triggered internally at /pytorch/aten/src/ATen/functorch/BatchedFallback.cpp:81.)
  return torch.vmap(lambda x: torch.sparse.mm(x, W_dec))(sparse_tensor)
Traceback (most recent call last):
  File "/home/nyap/SAE_testing/bspmm_kernel/triton_kernel_encoder_decoder_search_params.py", line 50, in <module>
    features, enc_time = measure(sae.encode, residual_stream)
                         ^^^^^^^^^^^^^^^^^^^^^^^^^^^^^^^^^^^^
  File "/home/nyap/SAE_testing/bspmm_kernel/utils.py", line 76, in measure
    out = fn(*args)
          ^^^^^^^^^
  File "/gpfs/accounts/cse585f25_class_root/cse585f25_class/nyap/env/lib/python3.12/site-packages/sae_lens/saes/standard_sae.py", line 66, in encode
    hidden_pre = self.hook_sae_acts_pre(sae_in @ self.W_enc + self.b_enc)
                                        ~~~~~~~~~~~~~~~~~~~~^~~~~~~~~~~~
torch.OutOfMemoryError: CUDA out of memory. Tried to allocate 6.00 GiB. GPU 0 has a total capacity of 15.77 GiB of which 5.12 GiB is free. Including non-PyTorch memory, this process has 10.64 GiB memory in use. Of the allocated memory 10.00 GiB is allocated by PyTorch, and 284.00 MiB is reserved by PyTorch but unallocated. If reserved but unallocated memory is large try setting PYTORCH_CUDA_ALLOC_CONF=expandable_segments:True to avoid fragmentation.  See documentation for Memory Management  (https://pytorch.org/docs/stable/notes/cuda.html#environment-variables)
/gpfs/accounts/cse585f25_class_root/cse585f25_class/nyap/env/lib/python3.12/site-packages/pydantic/_internal/_generate_schema.py:2249: UnsupportedFieldAttributeWarning: The 'repr' attribute with value False was provided to the `Field()` function, which has no effect in the context it was used. 'repr' is field-specific metadata, and can only be attached to a model field using `Annotated` metadata or by assignment. This may have happened because an `Annotated` type alias using the `type` statement was used, or if the `Field()` function was attached to a single member of a union type.
  warnings.warn(
/gpfs/accounts/cse585f25_class_root/cse585f25_class/nyap/env/lib/python3.12/site-packages/pydantic/_internal/_generate_schema.py:2249: UnsupportedFieldAttributeWarning: The 'frozen' attribute with value True was provided to the `Field()` function, which has no effect in the context it was used. 'frozen' is field-specific metadata, and can only be attached to a model field using `Annotated` metadata or by assignment. This may have happened because an `Annotated` type alias using the `type` statement was used, or if the `Field()` function was attached to a single member of a union type.
  warnings.warn(
/gpfs/accounts/cse585f25_class_root/cse585f25_class/nyap/env/lib/python3.12/site-packages/sae_lens/saes/sae.py:249: UserWarning: 
This SAE has non-empty model_from_pretrained_kwargs. 
For optimal performance, load the model like so:
model = HookedSAETransformer.from_pretrained_no_processing(..., **cfg.model_from_pretrained_kwargs)
  warnings.warn(
/home/nyap/SAE_testing/bspmm_kernel/triton_kernel_encoder_decoder_search_params.py:77: UserWarning: There is a performance drop because we have not yet implemented the batching rule for aten::_sparse_mm. Please file us an issue on GitHub so that we can prioritize its implementation. (Triggered internally at /pytorch/aten/src/ATen/functorch/BatchedFallback.cpp:81.)
  return torch.vmap(lambda x: torch.sparse.mm(x, W_dec))(sparse_tensor)
/home/nyap/SAE_testing/bspmm_kernel/triton_kernel_encoder_decoder_search_params.py:77: UserWarning: There is a performance drop because we have not yet implemented the batching rule for aten::_sparse_mm. Please file us an issue on GitHub so that we can prioritize its implementation. (Triggered internally at /pytorch/aten/src/ATen/functorch/BatchedFallback.cpp:81.)
  return torch.vmap(lambda x: torch.sparse.mm(x, W_dec))(sparse_tensor)
/home/nyap/SAE_testing/bspmm_kernel/triton_kernel_encoder_decoder_search_params.py:77: UserWarning: There is a performance drop because we have not yet implemented the batching rule for aten::_sparse_mm. Please file us an issue on GitHub so that we can prioritize its implementation. (Triggered internally at /pytorch/aten/src/ATen/functorch/BatchedFallback.cpp:81.)
  return torch.vmap(lambda x: torch.sparse.mm(x, W_dec))(sparse_tensor)
/home/nyap/SAE_testing/bspmm_kernel/triton_kernel_encoder_decoder_search_params.py:77: UserWarning: There is a performance drop because we have not yet implemented the batching rule for aten::_sparse_mm. Please file us an issue on GitHub so that we can prioritize its implementation. (Triggered internally at /pytorch/aten/src/ATen/functorch/BatchedFallback.cpp:81.)
  return torch.vmap(lambda x: torch.sparse.mm(x, W_dec))(sparse_tensor)
Traceback (most recent call last):
  File "/home/nyap/SAE_testing/bspmm_kernel/triton_kernel_encoder_decoder_search_params.py", line 50, in <module>
    features, enc_time = measure(sae.encode, residual_stream)
                         ^^^^^^^^^^^^^^^^^^^^^^^^^^^^^^^^^^^^
  File "/home/nyap/SAE_testing/bspmm_kernel/utils.py", line 76, in measure
    out = fn(*args)
          ^^^^^^^^^
  File "/gpfs/accounts/cse585f25_class_root/cse585f25_class/nyap/env/lib/python3.12/site-packages/sae_lens/saes/standard_sae.py", line 66, in encode
    hidden_pre = self.hook_sae_acts_pre(sae_in @ self.W_enc + self.b_enc)
                                        ~~~~~~~~~~~~~~~~~~~~^~~~~~~~~~~~
torch.OutOfMemoryError: CUDA out of memory. Tried to allocate 6.00 GiB. GPU 0 has a total capacity of 15.77 GiB of which 5.12 GiB is free. Including non-PyTorch memory, this process has 10.64 GiB memory in use. Of the allocated memory 10.00 GiB is allocated by PyTorch, and 284.00 MiB is reserved by PyTorch but unallocated. If reserved but unallocated memory is large try setting PYTORCH_CUDA_ALLOC_CONF=expandable_segments:True to avoid fragmentation.  See documentation for Memory Management  (https://pytorch.org/docs/stable/notes/cuda.html#environment-variables)
/gpfs/accounts/cse585f25_class_root/cse585f25_class/nyap/env/lib/python3.12/site-packages/pydantic/_internal/_generate_schema.py:2249: UnsupportedFieldAttributeWarning: The 'repr' attribute with value False was provided to the `Field()` function, which has no effect in the context it was used. 'repr' is field-specific metadata, and can only be attached to a model field using `Annotated` metadata or by assignment. This may have happened because an `Annotated` type alias using the `type` statement was used, or if the `Field()` function was attached to a single member of a union type.
  warnings.warn(
/gpfs/accounts/cse585f25_class_root/cse585f25_class/nyap/env/lib/python3.12/site-packages/pydantic/_internal/_generate_schema.py:2249: UnsupportedFieldAttributeWarning: The 'frozen' attribute with value True was provided to the `Field()` function, which has no effect in the context it was used. 'frozen' is field-specific metadata, and can only be attached to a model field using `Annotated` metadata or by assignment. This may have happened because an `Annotated` type alias using the `type` statement was used, or if the `Field()` function was attached to a single member of a union type.
  warnings.warn(
/gpfs/accounts/cse585f25_class_root/cse585f25_class/nyap/env/lib/python3.12/site-packages/sae_lens/saes/sae.py:249: UserWarning: 
This SAE has non-empty model_from_pretrained_kwargs. 
For optimal performance, load the model like so:
model = HookedSAETransformer.from_pretrained_no_processing(..., **cfg.model_from_pretrained_kwargs)
  warnings.warn(
/home/nyap/SAE_testing/bspmm_kernel/triton_kernel_encoder_decoder_search_params.py:77: UserWarning: There is a performance drop because we have not yet implemented the batching rule for aten::_sparse_mm. Please file us an issue on GitHub so that we can prioritize its implementation. (Triggered internally at /pytorch/aten/src/ATen/functorch/BatchedFallback.cpp:81.)
  return torch.vmap(lambda x: torch.sparse.mm(x, W_dec))(sparse_tensor)
/home/nyap/SAE_testing/bspmm_kernel/triton_kernel_encoder_decoder_search_params.py:77: UserWarning: There is a performance drop because we have not yet implemented the batching rule for aten::_sparse_mm. Please file us an issue on GitHub so that we can prioritize its implementation. (Triggered internally at /pytorch/aten/src/ATen/functorch/BatchedFallback.cpp:81.)
  return torch.vmap(lambda x: torch.sparse.mm(x, W_dec))(sparse_tensor)
/home/nyap/SAE_testing/bspmm_kernel/triton_kernel_encoder_decoder_search_params.py:77: UserWarning: There is a performance drop because we have not yet implemented the batching rule for aten::_sparse_mm. Please file us an issue on GitHub so that we can prioritize its implementation. (Triggered internally at /pytorch/aten/src/ATen/functorch/BatchedFallback.cpp:81.)
  return torch.vmap(lambda x: torch.sparse.mm(x, W_dec))(sparse_tensor)
/home/nyap/SAE_testing/bspmm_kernel/triton_kernel_encoder_decoder_search_params.py:77: UserWarning: There is a performance drop because we have not yet implemented the batching rule for aten::_sparse_mm. Please file us an issue on GitHub so that we can prioritize its implementation. (Triggered internally at /pytorch/aten/src/ATen/functorch/BatchedFallback.cpp:81.)
  return torch.vmap(lambda x: torch.sparse.mm(x, W_dec))(sparse_tensor)
Traceback (most recent call last):
  File "/home/nyap/SAE_testing/bspmm_kernel/triton_kernel_encoder_decoder_search_params.py", line 50, in <module>
    features, enc_time = measure(sae.encode, residual_stream)
                         ^^^^^^^^^^^^^^^^^^^^^^^^^^^^^^^^^^^^
  File "/home/nyap/SAE_testing/bspmm_kernel/utils.py", line 76, in measure
    out = fn(*args)
          ^^^^^^^^^
  File "/gpfs/accounts/cse585f25_class_root/cse585f25_class/nyap/env/lib/python3.12/site-packages/sae_lens/saes/standard_sae.py", line 66, in encode
    hidden_pre = self.hook_sae_acts_pre(sae_in @ self.W_enc + self.b_enc)
                                        ~~~~~~~~~~~~~~~~~~~~^~~~~~~~~~~~
torch.OutOfMemoryError: CUDA out of memory. Tried to allocate 6.00 GiB. GPU 0 has a total capacity of 15.77 GiB of which 5.12 GiB is free. Including non-PyTorch memory, this process has 10.64 GiB memory in use. Of the allocated memory 10.00 GiB is allocated by PyTorch, and 284.00 MiB is reserved by PyTorch but unallocated. If reserved but unallocated memory is large try setting PYTORCH_CUDA_ALLOC_CONF=expandable_segments:True to avoid fragmentation.  See documentation for Memory Management  (https://pytorch.org/docs/stable/notes/cuda.html#environment-variables)
