Using device: cuda
Loaded SAE
StandardSAE(
  (activation_fn): ReLU()
  (hook_sae_input): HookPoint()
  (hook_sae_acts_pre): HookPoint()
  (hook_sae_acts_post): HookPoint()
  (hook_sae_output): HookPoint()
  (hook_sae_recons): HookPoint()
  (hook_sae_error): HookPoint()
)
Loaded residual stream: torch.Size([32, 128, 768])
Full Encoder time: 61333.633 ms

Average active features/token: 68.31
Total number of features 100663296
Sparsity: 99.7220%

Normal decode timing:
Normal time (dense): 12469.472 ms

Time to convert to COO 0.09458173625171185
Sparse COO features: nnz = 279818 (0.2780% nonzero)
Decode time 143.42857360839844 ms
Decoder time (cuSPARSE): 143576.096 ms
done!
