Using device: cuda
Loaded SAE
StandardSAE(
  (activation_fn): ReLU()
  (hook_sae_input): HookPoint()
  (hook_sae_acts_pre): HookPoint()
  (hook_sae_acts_post): HookPoint()
  (hook_sae_output): HookPoint()
  (hook_sae_recons): HookPoint()
  (hook_sae_error): HookPoint()
)
Loaded residual stream: torch.Size([32, 128, 768])
Full Encoder time: 62026.718 ms

Average active features/token: 68.31
Total number of features 100663296
Sparsity: 99.7220%

Normal decode timing:
Decode time 12.543871879577637 ms
Normal time (dense): 12682.944 ms

Time to convert to COO 0.07785646058619022
Sparse COO features: nnz = 279818 (0.2780% nonzero)
Decode time 149.50607299804688 ms
Decoder time (cuSPARSE): 149668.869 ms
done!
