Using device: cuda
Loaded SAE
StandardSAE(
  (activation_fn): ReLU()
  (hook_sae_input): HookPoint()
  (hook_sae_acts_pre): HookPoint()
  (hook_sae_acts_post): HookPoint()
  (hook_sae_output): HookPoint()
  (hook_sae_recons): HookPoint()
  (hook_sae_error): HookPoint()
)
Loaded residual stream: torch.Size([8, 128, 768])

NEW ITERATION: using batch of shape: 
torch.Size([8, 128, 768])

Full Encoder time: 78437.439 ms

Average active features/token: 67.00
Total number of features 25165824
Sparsity: 99.7274%

Normal decode timing:
Decode time 3.438688039779663 ms
Normal time (dense): 3568.928 ms

Time to convert to COO 0.020342079922556877

Sparse COO features: nnz = 68606 (0.2726% nonzero)

done!
